ls
Birktiy.Tesfay@LPCONT0011 MINGW64 ~
$ ls
'3D Objects'/
 AirBnB_clone/
 AirBnB_clone_v2/
 AppData/
'Application Data'@
 Contacts/
 Cookies@
 Desktop/
 Documents/
 Downloads/
 Favorites/
 IntelGraphicsProfiles/
 Links/
'Local Settings'@
 Music/
'My Documents'@
 NTUSER.DAT
 NTUSER.DAT{53b39e88-18c4-11ea-a811-000d3aa4692b}.TM.blf
 NTUSER.DAT{53b39e88-18c4-11ea-a811-000d3aa4692b}.TMContainer00000000000000000001.regtrans-ms
 NTUSER.DAT{53b39e88-18c4-11ea-a811-000d3aa4692b}.TMContainer00000000000000000002.regtrans-ms
 NetHood@
 OneDrive/
 Pictures/
 PrintHood@
 Recent@
'Saved Games'/
 Searches/
 SendTo@
'Start Menu'@
 Templates@
 Videos/
 alx-higher_level_programming/
 alx-low_level_programming/
 alx-system_engineering-devops/
 idman641build2.exe*
 ntuser.dat.LOG1
 ntuser.dat.LOG2
 ntuser.ini

Birktiy.Tesfay@LPCONT0011 MINGW64 ~
$ cd alx-low_level_programming

Birktiy.Tesfay@LPCONT0011 MINGW64 ~/alx-low_level_programming (main)
$ ls
0x00-hello_world/                  0x0D-preprocessor/
0x01-variables_if_else_while/      0x0E-structures_typedef/
0x02-functions_nested_loops/       0x0F-function_pointers/
0x03-debugging/                    0x10-variadic_functions/
0x04-more_functions_nested_loops/  0x12-singly_linked_lists/
0x05-pointers_arrays_strings/      0x13-more_singly_linked_lists/
0x06-pointers_arrays_strings/      0x14-bit_manipulation/
0x07-pointers_arrays_strings/      0x15-file_io/
0x08-recursion/                    0x17-doubly_linked_lists/
0x09-static_libraries/             0x18-dynamic_libraries/
0x0A-argc_argv/                    0x1A-hash_tables/
0x0B-malloc_free/                  0x1C-makefiles/
0x0C-more_malloc_free/

Birktiy.Tesfay@LPCONT0011 MINGW64 ~/alx-low_level_programming (main)
$ mkdir 0x1E-search_algorithms

Birktiy.Tesfay@LPCONT0011 MINGW64 ~/alx-low_level_programming (main)
$ ls
0x00-hello_world/                  0x0D-preprocessor/
0x01-variables_if_else_while/      0x0E-structures_typedef/
0x02-functions_nested_loops/       0x0F-function_pointers/
0x03-debugging/                    0x10-variadic_functions/
0x04-more_functions_nested_loops/  0x12-singly_linked_lists/
0x05-pointers_arrays_strings/      0x13-more_singly_linked_lists/
0x06-pointers_arrays_strings/      0x14-bit_manipulation/
0x07-pointers_arrays_strings/      0x15-file_io/
0x08-recursion/                    0x17-doubly_linked_lists/
0x09-static_libraries/             0x18-dynamic_libraries/
0x0A-argc_argv/                    0x1A-hash_tables/
0x0B-malloc_free/                  0x1C-makefiles/
0x0C-more_malloc_free/             0x1E-search_algorithms/

Birktiy.Tesfay@LPCONT0011 MINGW64 ~/alx-low_level_programming (main)
$ cd 0x1E-search_algorithms

Birktiy.Tesfay@LPCONT0011 MINGW64 ~/alx-low_level_programming/0x1E-search_algorithms (main)
$ echo "My readme" > README.md

Birktiy.Tesfay@LPCONT0011 MINGW64 ~/alx-low_level_programming/0x1E-search_algorithms (main)
$ ls
README.md

Birktiy.Tesfay@LPCONT0011 MINGW64 ~/alx-low_level_programming/0x1E-search_algorithms (main)
$ cat > 0-linear.c
#include "search_algos.h"
/**
 * linear_search - searchs for value in a given array linearly
 * @array: the array to be searched
 * @size: size of the array
 * @value: value to be searched
 * Return: returns the index of the first value found else returns -1
 */
int linear_search(int *array, size_t size, int value)
{
        int index;

        for (index = 0; index < (int)size; index++)
        {
                printf("Value checked array[%d] = [%d]\n", index,
                       *(array + index));
                if (*(array + index) == value)
                        return (index);
        }
        return (-1);
}

Birktiy.Tesfay@LPCONT0011 MINGW64 ~/alx-low_level_programming/0x1E-search_algorithms (main)
$ git add .
warning: in the working copy of '0x1E-search_algorithms/0-linear.c', LF will be replaced by CRLF the next time Git touches it
warning: in the working copy of '0x1E-search_algorithms/README.md', LF will be replaced by CRLF the next time Git touches it

Birktiy.Tesfay@LPCONT0011 MINGW64 ~/alx-low_level_programming/0x1E-search_algorithms (main)
$ git commit -m "My algorism commit"
[main 83a157f] My algorism commit
 Committer: Birktiy Tesfay <Birktiy.Tesfay@safaricom.et>
Your name and email address were configured automatically based
on your username and hostname. Please check that they are accurate.
You can suppress this message by setting them explicitly. Run the
following command and follow the instructions in your editor to edit
your configuration file:

    git config --global --edit

After doing this, you may fix the identity used for this commit with:

    git commit --amend --reset-author

 2 files changed, 22 insertions(+)
 create mode 100644 0x1E-search_algorithms/0-linear.c
 create mode 100644 0x1E-search_algorithms/README.md

Birktiy.Tesfay@LPCONT0011 MINGW64 ~/alx-low_level_programming/0x1E-search_algorithms (main)
$ git push
Enumerating objects: 6, done.
Counting objects: 100% (6/6), done.
Delta compression using up to 8 threads
Compressing objects: 100% (4/4), done.
Writing objects: 100% (5/5), 670 bytes | 335.00 KiB/s, done.
Total 5 (delta 1), reused 1 (delta 0), pack-reused 0
remote: Resolving deltas: 100% (1/1), completed with 1 local object.
To https://github.com/biti2008/alx-low_level_programming.git
   b08cef0..83a157f  main -> main

Birktiy.Tesfay@LPCONT0011 MINGW64 ~/alx-low_level_programming/0x1E-search_algorithms (main)
$ rm -rf  0-linear.c

Birktiy.Tesfay@LPCONT0011 MINGW64 ~/alx-low_level_programming/0x1E-search_algorithms (main)
$ ls
README.md

Birktiy.Tesfay@LPCONT0011 MINGW64 ~/alx-low_level_programming/0x1E-search_algorithms (main)
$ cat > 0-linear.c
#include "search_algos.h"
/**
 * linear_search - searchs for value in a given array linearly
 * @array: the array to be searched
 * @size: size of the array
 * @value: value to be searched
 * Return: returns the index of the first value found else returns -1
 */
int linear_search(int *array, size_t size, int value)
{
        int index;

        for (index = 0; index < (int)size; index++)
        {
                printf("Value checked array[%d] = [%d]\n", index,
                       *(array + index));
                if (*(array + index) == value)
                        return (index);
        }
        return (-1);
}

Birktiy.Tesfay@LPCONT0011 MINGW64 ~/alx-low_level_programming/0x1E-search_algorithms (main)
$ chmo
bash: chmo: command not found

Birktiy.Tesfay@LPCONT0011 MINGW64 ~/alx-low_level_programming/0x1E-search_algorithms (main)
$ chmod u+x 0-linear.c

Birktiy.Tesfay@LPCONT0011 MINGW64 ~/alx-low_level_programming/0x1E-search_algorithms (main)
$ git add --chmod=+x 0-linear.c
warning: in the working copy of '0x1E-search_algorithms/0-linear.c', LF will be replaced by CRLF the next time Git touches it

Birktiy.Tesfay@LPCONT0011 MINGW64 ~/alx-low_level_programming/0x1E-search_algorithms (main)
$ git commit -m "My Commit"
[main f4513af] My Commit
 Committer: Birktiy Tesfay <Birktiy.Tesfay@safaricom.et>
Your name and email address were configured automatically based
on your username and hostname. Please check that they are accurate.
You can suppress this message by setting them explicitly. Run the
following command and follow the instructions in your editor to edit
your configuration file:

    git config --global --edit

After doing this, you may fix the identity used for this commit with:

    git commit --amend --reset-author

 1 file changed, 0 insertions(+), 0 deletions(-)
 mode change 100644 => 100755 0x1E-search_algorithms/0-linear.c

Birktiy.Tesfay@LPCONT0011 MINGW64 ~/alx-low_level_programming/0x1E-search_algorithms (main)
$ git push
Enumerating objects: 5, done.
Counting objects: 100% (5/5), done.
Delta compression using up to 8 threads
Compressing objects: 100% (3/3), done.
Writing objects: 100% (3/3), 339 bytes | 169.00 KiB/s, done.
Total 3 (delta 1), reused 0 (delta 0), pack-reused 0
remote: Resolving deltas: 100% (1/1), completed with 1 local object.
To https://github.com/biti2008/alx-low_level_programming.git
   83a157f..f4513af  main -> main

Birktiy.Tesfay@LPCONT0011 MINGW64 ~/alx-low_level_programming/0x1E-search_algorithms (main)
$ cat > 1-binary.c
#include "search_algos.h"
/**
 * binary_search - search through an array using binary search
 * @array: the array to be searched
 * @size: size of the array
 * @value: value to be searched
 * Return: returns the index of the first value found else returns -1
 */
int binary_search(int *array, size_t size, int value)
{
        size_t left = 0;
        size_t right = size - 1;

        if (!array)
                return (-1);

        while (left <= right)
        {
                size_t mid = (left + right) / 2, i;

                printf("Searching in array: ");
                for (i = left; i <= right; i++)
                {
                        if (i == left)
                        printf("%d", array[i]);
                        else
                        printf(", %d", array[i]);
                }
                printf("\n");
                if (value == array[mid])
                        return (mid);
                if (array[mid] > value)
                        right = mid - 1;
                if (array[mid] < value)
                        left = mid + 1;
        }
        return (-1);
}

Birktiy.Tesfay@LPCONT0011 MINGW64 ~/alx-low_level_programming/0x1E-search_algorithms (main)
$ git add .
warning: in the working copy of '0x1E-search_algorithms/1-binary.c', LF will be replaced by CRLF the next time Git touches it

Birktiy.Tesfay@LPCONT0011 MINGW64 ~/alx-low_level_programming/0x1E-search_algorithms (main)
$ git commit -m "My Commit"
[main f0b6027] My Commit
 Committer: Birktiy Tesfay <Birktiy.Tesfay@safaricom.et>
Your name and email address were configured automatically based
on your username and hostname. Please check that they are accurate.
You can suppress this message by setting them explicitly. Run the
following command and follow the instructions in your editor to edit
your configuration file:

    git config --global --edit

After doing this, you may fix the identity used for this commit with:

    git commit --amend --reset-author

 1 file changed, 38 insertions(+)
 create mode 100644 0x1E-search_algorithms/1-binary.c

Birktiy.Tesfay@LPCONT0011 MINGW64 ~/alx-low_level_programming/0x1E-search_algorithms (main)
$ git push
Enumerating objects: 6, done.
Counting objects: 100% (6/6), done.
Delta compression using up to 8 threads
Compressing objects: 100% (4/4), done.
Writing objects: 100% (4/4), 741 bytes | 370.00 KiB/s, done.
Total 4 (delta 1), reused 0 (delta 0), pack-reused 0
remote: Resolving deltas: 100% (1/1), completed with 1 local object.
To https://github.com/biti2008/alx-low_level_programming.git
   f4513af..f0b6027  main -> main

Birktiy.Tesfay@LPCONT0011 MINGW64 ~/alx-low_level_programming/0x1E-search_algorithms (main)
$ rm -rf  0-linear.c

Birktiy.Tesfay@LPCONT0011 MINGW64 ~/alx-low_level_programming/0x1E-search_algorithms (main)
$ ls
1-binary.c  README.md

Birktiy.Tesfay@LPCONT0011 MINGW64 ~/alx-low_level_programming/0x1E-search_algorithms (main)
$ cat > 0-linear.c
#include "search_algos.h"

int recurse_helper(int *arr, size_t size, int val, size_t idx);

/**
 * linear_search - search for value in an integer array
 * @array: pointer to array of ints
 * @size: size of array
 * @value: value to locate
 *
 * Return: index of value; -1 if value not found
 */
int linear_search(int *array, size_t size, int value)
{

        if (array == NULL)
                return (-1);

        return (recurse_helper(array, size, value, 0));
}
/**
 * recurse_helper - recursive implement of linear search
 * @arr: pointer to array of ints
 * @size: size of array
 * @val: value to locate
 * @idx: current index
 *
 * Return: index of value; -1 if value not found
 */
int recurse_helper(int *arr, size_t size, int val, size_t idx)
{
        if (idx == size)
                return (-1);

        printf("Value checked array[%lu] = [%d]\n", idx, arr[idx]);

        if (arr[idx] == val)
                return (idx);

        return (recurse_helper(arr, size, val, idx + 1));
}

Birktiy.Tesfay@LPCONT0011 MINGW64 ~/alx-low_level_programming/0x1E-search_algorithms (main)
$ chmod u+x 0-linear.c

Birktiy.Tesfay@LPCONT0011 MINGW64 ~/alx-low_level_programming/0x1E-search_algorithms (main)
$ git add --chmod=+x 0-linear.c
warning: in the working copy of '0x1E-search_algorithms/0-linear.c', LF will be replaced by CRLF the next time Git touches it

Birktiy.Tesfay@LPCONT0011 MINGW64 ~/alx-low_level_programming/0x1E-search_algorithms (main)
$ git commit -m "My Commit"
[main 28cf69c] My Commit
 Committer: Birktiy Tesfay <Birktiy.Tesfay@safaricom.et>
Your name and email address were configured automatically based
on your username and hostname. Please check that they are accurate.
You can suppress this message by setting them explicitly. Run the
following command and follow the instructions in your editor to edit
your configuration file:

    git config --global --edit

After doing this, you may fix the identity used for this commit with:

    git commit --amend --reset-author

 1 file changed, 34 insertions(+), 14 deletions(-)

Birktiy.Tesfay@LPCONT0011 MINGW64 ~/alx-low_level_programming/0x1E-search_algorithms (main)
$ git push
Enumerating objects: 7, done.
Counting objects: 100% (7/7), done.
Delta compression using up to 8 threads
Compressing objects: 100% (4/4), done.
Writing objects: 100% (4/4), 742 bytes | 371.00 KiB/s, done.
Total 4 (delta 1), reused 0 (delta 0), pack-reused 0
remote: Resolving deltas: 100% (1/1), completed with 1 local object.
To https://github.com/biti2008/alx-low_level_programming.git
   f0b6027..28cf69c  main -> main

Birktiy.Tesfay@LPCONT0011 MINGW64 ~/alx-low_level_programming/0x1E-search_algorithms (main)
$ ls
0-linear.c  1-binary.c  README.md

Birktiy.Tesfay@LPCONT0011 MINGW64 ~/alx-low_level_programming/0x1E-search_algorithms (main)
$ ls
0-linear.c  1-binary.c  README.md

Birktiy.Tesfay@LPCONT0011 MINGW64 ~/alx-low_level_programming/0x1E-search_algorithms (main)
$ rm -rf 0-linear.c  1-binary.c

Birktiy.Tesfay@LPCONT0011 MINGW64 ~/alx-low_level_programming/0x1E-search_algorithms (main)
$ ls
README.md

Birktiy.Tesfay@LPCONT0011 MINGW64 ~/alx-low_level_programming/0x1E-search_algorithms (main)
$ cat > 0-linear.c
#include "search_algos.h"

/**
 * linear_search - searches for a value in an array of
 * integers using the Linear search algorithm
 *
 * @array: input array
 * @size: size of the array
 * @value: value to search in
 * Return: Always EXIT_SUCCESS
 */
int linear_search(int *array, size_t size, int value)
{
        int i;

        if (array == NULL)
                return (-1);

        for (i = 0; i < (int)size; i++)
        {
                printf("Value checked array[%u] = [%d]\n", i, array[i]);
                if (value == array[i])
                        return (i);
        }
        return (-1);
}

Birktiy.Tesfay@LPCONT0011 MINGW64 ~/alx-low_level_programming/0x1E-search_algorithms (main)
$ git add .
warning: in the working copy of '0x1E-search_algorithms/0-linear.c', LF will be replaced by CRLF the next time Git touches it

Birktiy.Tesfay@LPCONT0011 MINGW64 ~/alx-low_level_programming/0x1E-search_algorithms (main)
$ git commit -m "My commit"
[main a5096de] My commit
 Committer: Birktiy Tesfay <Birktiy.Tesfay@safaricom.et>
Your name and email address were configured automatically based
on your username and hostname. Please check that they are accurate.
You can suppress this message by setting them explicitly. Run the
following command and follow the instructions in your editor to edit
your configuration file:

    git config --global --edit

After doing this, you may fix the identity used for this commit with:

    git commit --amend --reset-author

 2 files changed, 14 insertions(+), 67 deletions(-)
 delete mode 100644 0x1E-search_algorithms/1-binary.c

Birktiy.Tesfay@LPCONT0011 MINGW64 ~/alx-low_level_programming/0x1E-search_algorithms (main)
$ git push
Enumerating objects: 7, done.
Counting objects: 100% (7/7), done.
Delta compression using up to 8 threads
Compressing objects: 100% (4/4), done.
Writing objects: 100% (4/4), 644 bytes | 322.00 KiB/s, done.
Total 4 (delta 1), reused 0 (delta 0), pack-reused 0
remote: Resolving deltas: 100% (1/1), completed with 1 local object.
To https://github.com/biti2008/alx-low_level_programming.git
   28cf69c..a5096de  main -> main

Birktiy.Tesfay@LPCONT0011 MINGW64 ~/alx-low_level_programming/0x1E-search_algorithms (main)
$ cat > 3-O
O(1)

Birktiy.Tesfay@LPCONT0011 MINGW64 ~/alx-low_level_programming/0x1E-search_algorithms (main)
$ git add .
warning: in the working copy of '0x1E-search_algorithms/3-O', LF will be replaced by CRLF the next time Git touches it
Birktiy.Tesfay@LPCONT0011 MINGW64 ~/alx-low_level_programming/0x1E-search_algorithms (main)
$ git commit -m "My commit"
[main 1dafc18] My commit
 Committer: Birktiy Tesfay <Birktiy.Tesfay@safaricom.et>
Your name and email address were configured automatically based
on your username and hostname. Please check that they are accurate.
You can suppress this message by setting them explicitly. Run the
following command and follow the instructions in your editor to edit
your configuration file:

    git config --global --edit

After doing this, you may fix the identity used for this commit with:

    git commit --amend --reset-author

 1 file changed, 1 insertion(+)
 create mode 100644 0x1E-search_algorithms/3-O

Birktiy.Tesfay@LPCONT0011 MINGW64 ~/alx-low_level_programming/0x1E-search_algorithms (main)
$ git push
Enumerating objects: 6, done.
Counting objects: 100% (6/6), done.
Delta compression using up to 8 threads
Compressing objects: 100% (3/3), done.
Writing objects: 100% (4/4), 374 bytes | 374.00 KiB/s, done.
Total 4 (delta 1), reused 0 (delta 0), pack-reused 0
remote: Resolving deltas: 100% (1/1), completed with 1 local object.
To https://github.com/biti2008/alx-low_level_programming.git
   a5096de..1dafc18  main -> main

Birktiy.Tesfay@LPCONT0011 MINGW64 ~/alx-low_level_programming/0x1E-search_algorithms (main)
$ cat > 2-O
O(n)

Birktiy.Tesfay@LPCONT0011 MINGW64 ~/alx-low_level_programming/0x1E-search_algorithms (main)
$ cat > 4-O
O(log(n))
